   ▲ Next.js 15.5.22 (Turbopack)
   - Local:        http://localhost:3000
   - Network:      http://172.25.0.1:3000
   - Environments: .env.local

 ✓ Starting...
 ✓ Ready in 2.5s
 ○ Compiling / ...
 ✓ Compiled / in 4s
 GET / 200 in 2301ms
 GET / 307 in 5157ms
 GET / 307 in 352ms
 ○ Compiling /explore ...
 ✓ Compiled /explore in 673ms
 GET /explore 200 in 692ms
 GET /explore 200 in 1127ms
 ✓ Compiled /icon.svg in 486ms
 GET /icon.svg?icon.57510551.svg 200 in 995ms
 ○ Compiling /login ...
 ✓ Compiled /login in 542ms
 GET /login 200 in 728ms
 GET /icon.svg?icon.57510551.svg 200 in 428ms
 GET /login 200 in 305ms
 GET /icon.svg?icon.57510551.svg 200 in 476ms
 GET /login 200 in 285ms
 GET /icon.svg?icon.57510551.svg 200 in 424ms
 GET /login 200 in 267ms
 ✓ Compiled /listings/[listingId] in 477ms
 GET /listings/mp_demo_phuquoc 200 in 1750ms
 GET /listings/mp_demo_dalat 200 in 2803ms
 GET /login 200 in 212ms
 ✓ Compiled /register in 456ms
 GET /register 200 in 601ms
 ✓ Compiled /profile in 487ms
 GET /profile 200 in 636ms
 GET /profile 200 in 239ms
 ✓ Compiled /planner in 481ms
 GET /planner 200 in 629ms
 GET /planner 200 in 317ms
 GET /icon.svg?icon.57510551.svg 200 in 411ms
 ✓ Compiled in 85ms
